------------------------------------------------------------
Timing Analyzer Summary
------------------------------------------------------------

Type  : Slow 1100mV 85C Model Setup 'CLOCKING'
Slack : -17.713
TNS   : -1701.046

Type  : Slow 1100mV 85C Model Setup 'ENABLE3'
Slack : -12.996
TNS   : -154.438

Type  : Slow 1100mV 85C Model Setup 'ENABLE2'
Slack : -12.504
TNS   : -150.795

Type  : Slow 1100mV 85C Model Setup 'ENABLE4'
Slack : -12.141
TNS   : -149.860

Type  : Slow 1100mV 85C Model Setup 'ENABLE1'
Slack : -11.818
TNS   : -149.947

Type  : Slow 1100mV 85C Model Setup 'state.zebra1'
Slack : -7.673
TNS   : -67.891

Type  : Slow 1100mV 85C Model Setup 'state.zebra2'
Slack : -7.541
TNS   : -67.995

Type  : Slow 1100mV 85C Model Setup 'state.zebrawait'
Slack : -6.493
TNS   : -48.050

Type  : Slow 1100mV 85C Model Setup 'state.zebra3'
Slack : -6.454
TNS   : -63.769

Type  : Slow 1100mV 85C Model Setup 'state.K_RESET12'
Slack : -4.914
TNS   : -4.914

Type  : Slow 1100mV 85C Model Setup 'state.K_RESET31'
Slack : -4.817
TNS   : -4.817

Type  : Slow 1100mV 85C Model Setup 'state.K_RESET41'
Slack : -4.653
TNS   : -4.653

Type  : Slow 1100mV 85C Model Setup 'ENABLEKUNING1'
Slack : -4.260
TNS   : -29.865

Type  : Slow 1100mV 85C Model Setup 'state.K_RESET21'
Slack : -4.036
TNS   : -4.036

Type  : Slow 1100mV 85C Model Setup 'ENABLEKUNING3'
Slack : -3.995
TNS   : -26.515

Type  : Slow 1100mV 85C Model Setup 'ENABLEKUNING4'
Slack : -3.795
TNS   : -28.590

Type  : Slow 1100mV 85C Model Setup 'ENABLEKUNING2'
Slack : -3.727
TNS   : -26.607

Type  : Slow 1100mV 85C Model Setup 'ENABLEZEBRA'
Slack : -3.527
TNS   : -25.961

Type  : Slow 1100mV 85C Model Hold 'CLOCKING'
Slack : 0.374
TNS   : 0.000

Type  : Slow 1100mV 85C Model Hold 'state.zebra2'
Slack : 0.584
TNS   : 0.000

Type  : Slow 1100mV 85C Model Hold 'state.zebra1'
Slack : 0.727
TNS   : 0.000

Type  : Slow 1100mV 85C Model Hold 'state.zebrawait'
Slack : 0.780
TNS   : 0.000

Type  : Slow 1100mV 85C Model Hold 'ENABLE1'
Slack : 0.856
TNS   : 0.000

Type  : Slow 1100mV 85C Model Hold 'ENABLE4'
Slack : 0.961
TNS   : 0.000

Type  : Slow 1100mV 85C Model Hold 'ENABLE2'
Slack : 0.968
TNS   : 0.000

Type  : Slow 1100mV 85C Model Hold 'ENABLE3'
Slack : 1.003
TNS   : 0.000

Type  : Slow 1100mV 85C Model Hold 'state.zebra3'
Slack : 1.327
TNS   : 0.000

Type  : Slow 1100mV 85C Model Hold 'ENABLEKUNING3'
Slack : 1.723
TNS   : 0.000

Type  : Slow 1100mV 85C Model Hold 'ENABLEZEBRA'
Slack : 1.796
TNS   : 0.000

Type  : Slow 1100mV 85C Model Hold 'ENABLEKUNING2'
Slack : 2.093
TNS   : 0.000

Type  : Slow 1100mV 85C Model Hold 'ENABLEKUNING1'
Slack : 2.371
TNS   : 0.000

Type  : Slow 1100mV 85C Model Hold 'ENABLEKUNING4'
Slack : 2.441
TNS   : 0.000

Type  : Slow 1100mV 85C Model Hold 'state.K_RESET21'
Slack : 2.881
TNS   : 0.000

Type  : Slow 1100mV 85C Model Hold 'state.K_RESET31'
Slack : 3.054
TNS   : 0.000

Type  : Slow 1100mV 85C Model Hold 'state.K_RESET41'
Slack : 3.193
TNS   : 0.000

Type  : Slow 1100mV 85C Model Hold 'state.K_RESET12'
Slack : 3.407
TNS   : 0.000

Type  : Slow 1100mV 85C Model Recovery 'CLOCKING'
Slack : -7.240
TNS   : -873.060

Type  : Slow 1100mV 85C Model Removal 'CLOCKING'
Slack : 0.527
TNS   : 0.000

Type  : Slow 1100mV 85C Model Minimum Pulse Width 'CLOCKING'
Slack : -2.174
TNS   : -139.248

Type  : Slow 1100mV 85C Model Minimum Pulse Width 'state.zebra1'
Slack : 0.089
TNS   : 0.000

Type  : Slow 1100mV 85C Model Minimum Pulse Width 'ENABLEKUNING3'
Slack : 0.138
TNS   : 0.000

Type  : Slow 1100mV 85C Model Minimum Pulse Width 'state.zebra2'
Slack : 0.156
TNS   : 0.000

Type  : Slow 1100mV 85C Model Minimum Pulse Width 'ENABLE4'
Slack : 0.178
TNS   : 0.000

Type  : Slow 1100mV 85C Model Minimum Pulse Width 'ENABLE2'
Slack : 0.190
TNS   : 0.000

Type  : Slow 1100mV 85C Model Minimum Pulse Width 'state.zebra3'
Slack : 0.217
TNS   : 0.000

Type  : Slow 1100mV 85C Model Minimum Pulse Width 'ENABLEZEBRA'
Slack : 0.222
TNS   : 0.000

Type  : Slow 1100mV 85C Model Minimum Pulse Width 'state.zebrawait'
Slack : 0.256
TNS   : 0.000

Type  : Slow 1100mV 85C Model Minimum Pulse Width 'ENABLE3'
Slack : 0.273
TNS   : 0.000

Type  : Slow 1100mV 85C Model Minimum Pulse Width 'ENABLE1'
Slack : 0.278
TNS   : 0.000

Type  : Slow 1100mV 85C Model Minimum Pulse Width 'ENABLEKUNING4'
Slack : 0.279
TNS   : 0.000

Type  : Slow 1100mV 85C Model Minimum Pulse Width 'state.K_RESET21'
Slack : 0.292
TNS   : 0.000

Type  : Slow 1100mV 85C Model Minimum Pulse Width 'ENABLEKUNING1'
Slack : 0.306
TNS   : 0.000

Type  : Slow 1100mV 85C Model Minimum Pulse Width 'ENABLEKUNING2'
Slack : 0.368
TNS   : 0.000

Type  : Slow 1100mV 85C Model Minimum Pulse Width 'state.K_RESET31'
Slack : 0.401
TNS   : 0.000

Type  : Slow 1100mV 85C Model Minimum Pulse Width 'state.K_RESET41'
Slack : 0.449
TNS   : 0.000

Type  : Slow 1100mV 85C Model Minimum Pulse Width 'state.K_RESET12'
Slack : 0.467
TNS   : 0.000

Type  : Slow 1100mV 0C Model Setup 'CLOCKING'
Slack : -18.022
TNS   : -1685.092

Type  : Slow 1100mV 0C Model Setup 'ENABLE3'
Slack : -13.613
TNS   : -158.634

Type  : Slow 1100mV 0C Model Setup 'ENABLE2'
Slack : -13.030
TNS   : -154.651

Type  : Slow 1100mV 0C Model Setup 'ENABLE4'
Slack : -12.782
TNS   : -153.894

Type  : Slow 1100mV 0C Model Setup 'ENABLE1'
Slack : -12.315
TNS   : -154.155

Type  : Slow 1100mV 0C Model Setup 'state.zebra1'
Slack : -7.659
TNS   : -69.366

Type  : Slow 1100mV 0C Model Setup 'state.zebra2'
Slack : -7.506
TNS   : -69.475

Type  : Slow 1100mV 0C Model Setup 'state.zebra3'
Slack : -6.678
TNS   : -65.095

Type  : Slow 1100mV 0C Model Setup 'state.zebrawait'
Slack : -6.402
TNS   : -48.158

Type  : Slow 1100mV 0C Model Setup 'state.K_RESET12'
Slack : -4.966
TNS   : -4.966

Type  : Slow 1100mV 0C Model Setup 'state.K_RESET31'
Slack : -4.914
TNS   : -4.914

Type  : Slow 1100mV 0C Model Setup 'state.K_RESET41'
Slack : -4.746
TNS   : -4.746

Type  : Slow 1100mV 0C Model Setup 'ENABLEKUNING1'
Slack : -4.321
TNS   : -30.395

Type  : Slow 1100mV 0C Model Setup 'state.K_RESET21'
Slack : -4.120
TNS   : -4.120

Type  : Slow 1100mV 0C Model Setup 'ENABLEKUNING3'
Slack : -4.002
TNS   : -27.173

Type  : Slow 1100mV 0C Model Setup 'ENABLEKUNING4'
Slack : -3.862
TNS   : -28.948

Type  : Slow 1100mV 0C Model Setup 'ENABLEKUNING2'
Slack : -3.848
TNS   : -27.179

Type  : Slow 1100mV 0C Model Setup 'ENABLEZEBRA'
Slack : -3.651
TNS   : -26.758

Type  : Slow 1100mV 0C Model Hold 'CLOCKING'
Slack : 0.072
TNS   : 0.000

Type  : Slow 1100mV 0C Model Hold 'state.zebra2'
Slack : 0.454
TNS   : 0.000

Type  : Slow 1100mV 0C Model Hold 'state.zebra1'
Slack : 0.640
TNS   : 0.000

Type  : Slow 1100mV 0C Model Hold 'state.zebrawait'
Slack : 0.690
TNS   : 0.000

Type  : Slow 1100mV 0C Model Hold 'ENABLE1'
Slack : 0.778
TNS   : 0.000

Type  : Slow 1100mV 0C Model Hold 'ENABLE4'
Slack : 0.873
TNS   : 0.000

Type  : Slow 1100mV 0C Model Hold 'ENABLE2'
Slack : 0.874
TNS   : 0.000

Type  : Slow 1100mV 0C Model Hold 'ENABLE3'
Slack : 0.953
TNS   : 0.000

Type  : Slow 1100mV 0C Model Hold 'state.zebra3'
Slack : 1.423
TNS   : 0.000

Type  : Slow 1100mV 0C Model Hold 'ENABLEKUNING3'
Slack : 1.809
TNS   : 0.000

Type  : Slow 1100mV 0C Model Hold 'ENABLEZEBRA'
Slack : 1.855
TNS   : 0.000

Type  : Slow 1100mV 0C Model Hold 'ENABLEKUNING2'
Slack : 2.164
TNS   : 0.000

Type  : Slow 1100mV 0C Model Hold 'ENABLEKUNING1'
Slack : 2.406
TNS   : 0.000

Type  : Slow 1100mV 0C Model Hold 'ENABLEKUNING4'
Slack : 2.470
TNS   : 0.000

Type  : Slow 1100mV 0C Model Hold 'state.K_RESET21'
Slack : 2.920
TNS   : 0.000

Type  : Slow 1100mV 0C Model Hold 'state.K_RESET31'
Slack : 3.024
TNS   : 0.000

Type  : Slow 1100mV 0C Model Hold 'state.K_RESET41'
Slack : 3.204
TNS   : 0.000

Type  : Slow 1100mV 0C Model Hold 'state.K_RESET12'
Slack : 3.412
TNS   : 0.000

Type  : Slow 1100mV 0C Model Recovery 'CLOCKING'
Slack : -6.729
TNS   : -803.532

Type  : Slow 1100mV 0C Model Removal 'CLOCKING'
Slack : 0.212
TNS   : 0.000

Type  : Slow 1100mV 0C Model Minimum Pulse Width 'CLOCKING'
Slack : -2.174
TNS   : -146.746

Type  : Slow 1100mV 0C Model Minimum Pulse Width 'state.zebra1'
Slack : 0.121
TNS   : 0.000

Type  : Slow 1100mV 0C Model Minimum Pulse Width 'state.zebra2'
Slack : 0.183
TNS   : 0.000

Type  : Slow 1100mV 0C Model Minimum Pulse Width 'ENABLEKUNING3'
Slack : 0.185
TNS   : 0.000

Type  : Slow 1100mV 0C Model Minimum Pulse Width 'ENABLE2'
Slack : 0.215
TNS   : 0.000

Type  : Slow 1100mV 0C Model Minimum Pulse Width 'state.zebra3'
Slack : 0.216
TNS   : 0.000

Type  : Slow 1100mV 0C Model Minimum Pulse Width 'ENABLE4'
Slack : 0.236
TNS   : 0.000

Type  : Slow 1100mV 0C Model Minimum Pulse Width 'ENABLEZEBRA'
Slack : 0.238
TNS   : 0.000

Type  : Slow 1100mV 0C Model Minimum Pulse Width 'state.zebrawait'
Slack : 0.277
TNS   : 0.000

Type  : Slow 1100mV 0C Model Minimum Pulse Width 'ENABLE3'
Slack : 0.311
TNS   : 0.000

Type  : Slow 1100mV 0C Model Minimum Pulse Width 'ENABLE1'
Slack : 0.314
TNS   : 0.000

Type  : Slow 1100mV 0C Model Minimum Pulse Width 'state.K_RESET21'
Slack : 0.316
TNS   : 0.000

Type  : Slow 1100mV 0C Model Minimum Pulse Width 'ENABLEKUNING4'
Slack : 0.328
TNS   : 0.000

Type  : Slow 1100mV 0C Model Minimum Pulse Width 'ENABLEKUNING1'
Slack : 0.342
TNS   : 0.000

Type  : Slow 1100mV 0C Model Minimum Pulse Width 'ENABLEKUNING2'
Slack : 0.372
TNS   : 0.000

Type  : Slow 1100mV 0C Model Minimum Pulse Width 'state.K_RESET31'
Slack : 0.392
TNS   : 0.000

Type  : Slow 1100mV 0C Model Minimum Pulse Width 'state.K_RESET41'
Slack : 0.428
TNS   : 0.000

Type  : Slow 1100mV 0C Model Minimum Pulse Width 'state.K_RESET12'
Slack : 0.464
TNS   : 0.000

Type  : Fast 1100mV 85C Model Setup 'CLOCKING'
Slack : -9.652
TNS   : -1010.248

Type  : Fast 1100mV 85C Model Setup 'ENABLE3'
Slack : -6.578
TNS   : -74.324

Type  : Fast 1100mV 85C Model Setup 'ENABLE2'
Slack : -6.191
TNS   : -70.969

Type  : Fast 1100mV 85C Model Setup 'ENABLE4'
Slack : -5.949
TNS   : -71.385

Type  : Fast 1100mV 85C Model Setup 'ENABLE1'
Slack : -5.906
TNS   : -71.168

Type  : Fast 1100mV 85C Model Setup 'state.zebra2'
Slack : -4.316
TNS   : -35.017

Type  : Fast 1100mV 85C Model Setup 'state.zebra1'
Slack : -4.273
TNS   : -34.906

Type  : Fast 1100mV 85C Model Setup 'state.zebrawait'
Slack : -3.435
TNS   : -23.461

Type  : Fast 1100mV 85C Model Setup 'state.zebra3'
Slack : -3.422
TNS   : -33.033

Type  : Fast 1100mV 85C Model Setup 'state.K_RESET12'
Slack : -2.484
TNS   : -2.484

Type  : Fast 1100mV 85C Model Setup 'state.K_RESET31'
Slack : -2.455
TNS   : -2.455

Type  : Fast 1100mV 85C Model Setup 'state.K_RESET41'
Slack : -2.247
TNS   : -2.247

Type  : Fast 1100mV 85C Model Setup 'ENABLEKUNING1'
Slack : -1.950
TNS   : -12.608

Type  : Fast 1100mV 85C Model Setup 'state.K_RESET21'
Slack : -1.871
TNS   : -1.871

Type  : Fast 1100mV 85C Model Setup 'ENABLEKUNING3'
Slack : -1.813
TNS   : -10.710

Type  : Fast 1100mV 85C Model Setup 'ENABLEKUNING4'
Slack : -1.665
TNS   : -12.214

Type  : Fast 1100mV 85C Model Setup 'ENABLEKUNING2'
Slack : -1.550
TNS   : -10.768

Type  : Fast 1100mV 85C Model Setup 'ENABLEZEBRA'
Slack : -1.450
TNS   : -10.163

Type  : Fast 1100mV 85C Model Hold 'CLOCKING'
Slack : 0.181
TNS   : 0.000

Type  : Fast 1100mV 85C Model Hold 'state.zebra1'
Slack : 0.342
TNS   : 0.000

Type  : Fast 1100mV 85C Model Hold 'state.zebrawait'
Slack : 0.438
TNS   : 0.000

Type  : Fast 1100mV 85C Model Hold 'state.zebra2'
Slack : 0.486
TNS   : 0.000

Type  : Fast 1100mV 85C Model Hold 'ENABLE1'
Slack : 0.576
TNS   : 0.000

Type  : Fast 1100mV 85C Model Hold 'ENABLE2'
Slack : 0.633
TNS   : 0.000

Type  : Fast 1100mV 85C Model Hold 'ENABLE4'
Slack : 0.654
TNS   : 0.000

Type  : Fast 1100mV 85C Model Hold 'state.zebra3'
Slack : 0.707
TNS   : 0.000

Type  : Fast 1100mV 85C Model Hold 'ENABLE3'
Slack : 0.790
TNS   : 0.000

Type  : Fast 1100mV 85C Model Hold 'ENABLEKUNING3'
Slack : 0.893
TNS   : 0.000

Type  : Fast 1100mV 85C Model Hold 'ENABLEZEBRA'
Slack : 0.899
TNS   : 0.000

Type  : Fast 1100mV 85C Model Hold 'ENABLEKUNING2'
Slack : 1.169
TNS   : 0.000

Type  : Fast 1100mV 85C Model Hold 'ENABLEKUNING1'
Slack : 1.255
TNS   : 0.000

Type  : Fast 1100mV 85C Model Hold 'ENABLEKUNING4'
Slack : 1.335
TNS   : 0.000

Type  : Fast 1100mV 85C Model Hold 'state.K_RESET21'
Slack : 1.720
TNS   : 0.000

Type  : Fast 1100mV 85C Model Hold 'state.K_RESET41'
Slack : 1.976
TNS   : 0.000

Type  : Fast 1100mV 85C Model Hold 'state.K_RESET31'
Slack : 1.992
TNS   : 0.000

Type  : Fast 1100mV 85C Model Hold 'state.K_RESET12'
Slack : 2.116
TNS   : 0.000

Type  : Fast 1100mV 85C Model Recovery 'CLOCKING'
Slack : -5.102
TNS   : -616.397

Type  : Fast 1100mV 85C Model Removal 'CLOCKING'
Slack : 0.661
TNS   : 0.000

Type  : Fast 1100mV 85C Model Minimum Pulse Width 'CLOCKING'
Slack : -2.174
TNS   : -52.450

Type  : Fast 1100mV 85C Model Minimum Pulse Width 'state.zebra1'
Slack : 0.160
TNS   : 0.000

Type  : Fast 1100mV 85C Model Minimum Pulse Width 'state.zebra2'
Slack : 0.207
TNS   : 0.000

Type  : Fast 1100mV 85C Model Minimum Pulse Width 'ENABLE4'
Slack : 0.210
TNS   : 0.000

Type  : Fast 1100mV 85C Model Minimum Pulse Width 'ENABLEKUNING3'
Slack : 0.211
TNS   : 0.000

Type  : Fast 1100mV 85C Model Minimum Pulse Width 'ENABLEZEBRA'
Slack : 0.224
TNS   : 0.000

Type  : Fast 1100mV 85C Model Minimum Pulse Width 'ENABLE2'
Slack : 0.234
TNS   : 0.000

Type  : Fast 1100mV 85C Model Minimum Pulse Width 'state.zebrawait'
Slack : 0.252
TNS   : 0.000

Type  : Fast 1100mV 85C Model Minimum Pulse Width 'state.zebra3'
Slack : 0.263
TNS   : 0.000

Type  : Fast 1100mV 85C Model Minimum Pulse Width 'ENABLEKUNING4'
Slack : 0.303
TNS   : 0.000

Type  : Fast 1100mV 85C Model Minimum Pulse Width 'ENABLE1'
Slack : 0.305
TNS   : 0.000

Type  : Fast 1100mV 85C Model Minimum Pulse Width 'ENABLE3'
Slack : 0.306
TNS   : 0.000

Type  : Fast 1100mV 85C Model Minimum Pulse Width 'ENABLEKUNING1'
Slack : 0.319
TNS   : 0.000

Type  : Fast 1100mV 85C Model Minimum Pulse Width 'ENABLEKUNING2'
Slack : 0.325
TNS   : 0.000

Type  : Fast 1100mV 85C Model Minimum Pulse Width 'state.K_RESET21'
Slack : 0.342
TNS   : 0.000

Type  : Fast 1100mV 85C Model Minimum Pulse Width 'state.K_RESET31'
Slack : 0.403
TNS   : 0.000

Type  : Fast 1100mV 85C Model Minimum Pulse Width 'state.K_RESET41'
Slack : 0.438
TNS   : 0.000

Type  : Fast 1100mV 85C Model Minimum Pulse Width 'state.K_RESET12'
Slack : 0.463
TNS   : 0.000

Type  : Fast 1100mV 0C Model Setup 'CLOCKING'
Slack : -8.915
TNS   : -888.077

Type  : Fast 1100mV 0C Model Setup 'ENABLE3'
Slack : -6.111
TNS   : -68.049

Type  : Fast 1100mV 0C Model Setup 'ENABLE2'
Slack : -5.886
TNS   : -65.550

Type  : Fast 1100mV 0C Model Setup 'ENABLE1'
Slack : -5.572
TNS   : -65.689

Type  : Fast 1100mV 0C Model Setup 'ENABLE4'
Slack : -5.570
TNS   : -65.175

Type  : Fast 1100mV 0C Model Setup 'state.zebra2'
Slack : -3.994
TNS   : -34.229

Type  : Fast 1100mV 0C Model Setup 'state.zebra1'
Slack : -3.972
TNS   : -34.037

Type  : Fast 1100mV 0C Model Setup 'state.zebra3'
Slack : -3.299
TNS   : -32.238

Type  : Fast 1100mV 0C Model Setup 'state.zebrawait'
Slack : -3.113
TNS   : -21.818

Type  : Fast 1100mV 0C Model Setup 'state.K_RESET12'
Slack : -2.368
TNS   : -2.368

Type  : Fast 1100mV 0C Model Setup 'state.K_RESET31'
Slack : -2.352
TNS   : -2.352

Type  : Fast 1100mV 0C Model Setup 'state.K_RESET41'
Slack : -2.180
TNS   : -2.180

Type  : Fast 1100mV 0C Model Setup 'ENABLEKUNING1'
Slack : -1.837
TNS   : -12.051

Type  : Fast 1100mV 0C Model Setup 'state.K_RESET21'
Slack : -1.835
TNS   : -1.835

Type  : Fast 1100mV 0C Model Setup 'ENABLEKUNING3'
Slack : -1.697
TNS   : -10.332

Type  : Fast 1100mV 0C Model Setup 'ENABLEKUNING4'
Slack : -1.585
TNS   : -11.609

Type  : Fast 1100mV 0C Model Setup 'ENABLEKUNING2'
Slack : -1.504
TNS   : -10.380

Type  : Fast 1100mV 0C Model Setup 'ENABLEZEBRA'
Slack : -1.397
TNS   : -9.853

Type  : Fast 1100mV 0C Model Hold 'CLOCKING'
Slack : 0.171
TNS   : 0.000

Type  : Fast 1100mV 0C Model Hold 'state.zebra1'
Slack : 0.351
TNS   : 0.000

Type  : Fast 1100mV 0C Model Hold 'state.zebrawait'
Slack : 0.355
TNS   : 0.000

Type  : Fast 1100mV 0C Model Hold 'state.zebra2'
Slack : 0.389
TNS   : 0.000

Type  : Fast 1100mV 0C Model Hold 'ENABLE1'
Slack : 0.538
TNS   : 0.000

Type  : Fast 1100mV 0C Model Hold 'ENABLE2'
Slack : 0.573
TNS   : 0.000

Type  : Fast 1100mV 0C Model Hold 'ENABLE4'
Slack : 0.628
TNS   : 0.000

Type  : Fast 1100mV 0C Model Hold 'ENABLE3'
Slack : 0.731
TNS   : 0.000

Type  : Fast 1100mV 0C Model Hold 'state.zebra3'
Slack : 0.825
TNS   : 0.000

Type  : Fast 1100mV 0C Model Hold 'ENABLEZEBRA'
Slack : 0.924
TNS   : 0.000

Type  : Fast 1100mV 0C Model Hold 'ENABLEKUNING3'
Slack : 0.926
TNS   : 0.000

Type  : Fast 1100mV 0C Model Hold 'ENABLEKUNING2'
Slack : 1.169
TNS   : 0.000

Type  : Fast 1100mV 0C Model Hold 'ENABLEKUNING1'
Slack : 1.249
TNS   : 0.000

Type  : Fast 1100mV 0C Model Hold 'ENABLEKUNING4'
Slack : 1.312
TNS   : 0.000

Type  : Fast 1100mV 0C Model Hold 'state.K_RESET21'
Slack : 1.730
TNS   : 0.000

Type  : Fast 1100mV 0C Model Hold 'state.K_RESET31'
Slack : 1.940
TNS   : 0.000

Type  : Fast 1100mV 0C Model Hold 'state.K_RESET41'
Slack : 1.942
TNS   : 0.000

Type  : Fast 1100mV 0C Model Hold 'state.K_RESET12'
Slack : 2.067
TNS   : 0.000

Type  : Fast 1100mV 0C Model Recovery 'CLOCKING'
Slack : -4.219
TNS   : -501.161

Type  : Fast 1100mV 0C Model Removal 'CLOCKING'
Slack : 0.383
TNS   : 0.000

Type  : Fast 1100mV 0C Model Minimum Pulse Width 'CLOCKING'
Slack : -2.174
TNS   : -52.454

Type  : Fast 1100mV 0C Model Minimum Pulse Width 'state.zebra1'
Slack : 0.222
TNS   : 0.000

Type  : Fast 1100mV 0C Model Minimum Pulse Width 'state.zebra2'
Slack : 0.264
TNS   : 0.000

Type  : Fast 1100mV 0C Model Minimum Pulse Width 'ENABLEKUNING3'
Slack : 0.267
TNS   : 0.000

Type  : Fast 1100mV 0C Model Minimum Pulse Width 'ENABLEZEBRA'
Slack : 0.268
TNS   : 0.000

Type  : Fast 1100mV 0C Model Minimum Pulse Width 'ENABLE4'
Slack : 0.280
TNS   : 0.000

Type  : Fast 1100mV 0C Model Minimum Pulse Width 'ENABLE2'
Slack : 0.289
TNS   : 0.000

Type  : Fast 1100mV 0C Model Minimum Pulse Width 'state.zebrawait'
Slack : 0.303
TNS   : 0.000

Type  : Fast 1100mV 0C Model Minimum Pulse Width 'state.zebra3'
Slack : 0.305
TNS   : 0.000

Type  : Fast 1100mV 0C Model Minimum Pulse Width 'ENABLE3'
Slack : 0.343
TNS   : 0.000

Type  : Fast 1100mV 0C Model Minimum Pulse Width 'ENABLE1'
Slack : 0.344
TNS   : 0.000

Type  : Fast 1100mV 0C Model Minimum Pulse Width 'ENABLEKUNING4'
Slack : 0.347
TNS   : 0.000

Type  : Fast 1100mV 0C Model Minimum Pulse Width 'ENABLEKUNING2'
Slack : 0.349
TNS   : 0.000

Type  : Fast 1100mV 0C Model Minimum Pulse Width 'ENABLEKUNING1'
Slack : 0.355
TNS   : 0.000

Type  : Fast 1100mV 0C Model Minimum Pulse Width 'state.K_RESET21'
Slack : 0.375
TNS   : 0.000

Type  : Fast 1100mV 0C Model Minimum Pulse Width 'state.K_RESET31'
Slack : 0.418
TNS   : 0.000

Type  : Fast 1100mV 0C Model Minimum Pulse Width 'state.K_RESET41'
Slack : 0.440
TNS   : 0.000

Type  : Fast 1100mV 0C Model Minimum Pulse Width 'state.K_RESET12'
Slack : 0.462
TNS   : 0.000

------------------------------------------------------------
